Connecting to host 192.168.70.135, port 5201
[  5] local 10.0.0.3 port 49947 connected to 192.168.70.135 port 5201
[ ID] Interval           Transfer     Bitrate         Retr  Cwnd
[  5]   0.00-1.00   sec  0.00 Bytes  0.00 bits/sec    0   14.1 KBytes       
[  5]   1.00-2.00   sec  0.00 Bytes  0.00 bits/sec    0   17.0 KBytes       
[  5]   2.00-3.00   sec  0.00 Bytes  0.00 bits/sec    0   21.2 KBytes       
[  5]   3.00-4.00   sec  0.00 Bytes  0.00 bits/sec    0   25.5 KBytes       
[  5]   4.00-5.00   sec  0.00 Bytes  0.00 bits/sec    0   29.7 KBytes       
[  5]   5.00-6.00   sec  0.00 Bytes  0.00 bits/sec    0   33.9 KBytes       
[  5]   6.00-7.00   sec  0.00 Bytes  0.00 bits/sec    0   38.2 KBytes       
[  5]   7.00-8.00   sec  0.00 Bytes  0.00 bits/sec    0   39.6 KBytes       
[  5]   8.00-9.00   sec  0.00 Bytes  0.00 bits/sec    0   39.6 KBytes       
[  5]   9.00-10.00  sec  0.00 Bytes  0.00 bits/sec    0   41.0 KBytes       
[  5]  10.00-11.00  sec   256 KBytes  2.10 Mbits/sec    0   43.8 KBytes       
[  5]  11.00-12.00  sec  0.00 Bytes  0.00 bits/sec    0   45.2 KBytes       
[  5]  12.00-13.00  sec  0.00 Bytes  0.00 bits/sec    0   46.7 KBytes       
[  5]  13.00-14.00  sec  0.00 Bytes  0.00 bits/sec    0   49.5 KBytes       
[  5]  14.00-15.00  sec  0.00 Bytes  0.00 bits/sec    0   50.9 KBytes       
[  5]  15.00-16.00  sec  0.00 Bytes  0.00 bits/sec    0   53.7 KBytes       
[  5]  16.00-17.00  sec  0.00 Bytes  0.00 bits/sec    0   56.6 KBytes       
[  5]  17.00-18.00  sec  0.00 Bytes  0.00 bits/sec    0   58.0 KBytes       
[  5]  18.00-19.00  sec  0.00 Bytes  0.00 bits/sec    0   60.8 KBytes       
iperf3: error - unable to receive results: 
