Connecting to host 192.168.70.135, port 5201
[  5] local 10.0.0.2 port 45887 connected to 192.168.70.135 port 5201
[ ID] Interval           Transfer     Bitrate         Retr  Cwnd
[  5]   0.00-1.00   sec  0.00 Bytes  0.00 bits/sec    0   14.1 KBytes       (omitted)
[  5]   1.00-2.00   sec  0.00 Bytes  0.00 bits/sec    0   42.4 KBytes       (omitted)
[  5]   2.00-3.00   sec   384 KBytes  3.15 Mbits/sec    0   73.5 KBytes       (omitted)
[  5]   3.00-4.00   sec   256 KBytes  2.10 Mbits/sec    0   80.6 KBytes       (omitted)
[  5]   4.00-5.00   sec  0.00 Bytes  0.00 bits/sec    0   84.8 KBytes       (omitted)
[  5]   0.00-1.00   sec   384 KBytes  3.14 Mbits/sec    0   97.6 KBytes       
[  5]   1.00-2.00   sec   256 KBytes  2.10 Mbits/sec    0    130 KBytes       
[  5]   2.00-3.00   sec   384 KBytes  3.15 Mbits/sec    0    164 KBytes       
[  5]   3.00-4.00   sec   384 KBytes  3.15 Mbits/sec    0    221 KBytes       
[  5]   4.00-5.00   sec   512 KBytes  4.20 Mbits/sec    0    298 KBytes       
[  5]   5.00-6.00   sec   768 KBytes  6.28 Mbits/sec    0    382 KBytes       
[  5]   6.00-7.00   sec   896 KBytes  7.35 Mbits/sec    0    481 KBytes       
[  5]   7.00-8.00   sec  0.00 Bytes  0.00 bits/sec    0    566 KBytes       
[  5]   8.00-9.00   sec  1.25 MBytes  10.5 Mbits/sec    0    679 KBytes       
[  5]   9.00-10.00  sec  0.00 Bytes  0.00 bits/sec    0    831 KBytes       
[  5]  10.00-11.00  sec  0.00 Bytes  0.00 bits/sec    0    996 KBytes       
[  5]  11.00-12.00  sec  0.00 Bytes  0.00 bits/sec    0   1.12 MBytes       
[  5]  12.00-13.00  sec  0.00 Bytes  0.00 bits/sec    0   1.26 MBytes       
[  5]  13.00-14.00  sec  1.38 MBytes  11.5 Mbits/sec    0   1.42 MBytes       
[  5]  14.00-15.00  sec  0.00 Bytes  0.00 bits/sec    0   1.57 MBytes       
[  5]  15.00-16.00  sec  0.00 Bytes  0.00 bits/sec    0   1.73 MBytes       
[  5]  16.00-17.00  sec  0.00 Bytes  0.00 bits/sec    0   1.88 MBytes       
[  5]  17.00-18.00  sec  0.00 Bytes  0.00 bits/sec    0   2.04 MBytes       
[  5]  18.00-19.00  sec  1.38 MBytes  11.5 Mbits/sec    0   2.20 MBytes       
[  5]  19.00-20.00  sec  0.00 Bytes  0.00 bits/sec    0   2.32 MBytes       
[  5]  20.00-21.00  sec  0.00 Bytes  0.00 bits/sec    0   2.43 MBytes       
[  5]  21.00-22.00  sec  0.00 Bytes  0.00 bits/sec    0   2.53 MBytes       
[  5]  22.00-23.00  sec  0.00 Bytes  0.00 bits/sec    0   2.61 MBytes       
[  5]  23.00-24.00  sec  1.12 MBytes  9.44 Mbits/sec    0   2.71 MBytes       
[  5]  24.00-25.00  sec  0.00 Bytes  0.00 bits/sec    0   2.82 MBytes       
[  5]  25.00-26.00  sec  0.00 Bytes  0.00 bits/sec    0   2.93 MBytes       
[  5]  26.00-27.00  sec  0.00 Bytes  0.00 bits/sec    0   3.02 MBytes       
[  5]  27.00-28.00  sec  0.00 Bytes  0.00 bits/sec    0   3.12 MBytes       
[  5]  28.00-29.00  sec  0.00 Bytes  0.00 bits/sec    0   3.23 MBytes       
[  5]  29.00-30.00  sec  1.38 MBytes  11.6 Mbits/sec    0   3.35 MBytes       
[  5]  30.00-31.00  sec  0.00 Bytes  0.00 bits/sec    0   3.49 MBytes       
[  5]  31.00-32.00  sec  0.00 Bytes  0.00 bits/sec    0   3.63 MBytes       
[  5]  32.00-33.00  sec  0.00 Bytes  0.00 bits/sec    0   3.74 MBytes       
[  5]  33.00-34.00  sec  0.00 Bytes  0.00 bits/sec    0   3.86 MBytes       
[  5]  34.00-35.00  sec  1.75 MBytes  14.7 Mbits/sec    0   3.96 MBytes       
[  5]  35.00-36.00  sec  0.00 Bytes  0.00 bits/sec    0   4.09 MBytes       
[  5]  36.00-37.00  sec  0.00 Bytes  0.00 bits/sec    0   4.20 MBytes       
[  5]  37.00-38.00  sec  0.00 Bytes  0.00 bits/sec    0   4.31 MBytes       
[  5]  38.00-39.00  sec  0.00 Bytes  0.00 bits/sec    0   4.44 MBytes       
[  5]  39.00-40.00  sec  0.00 Bytes  0.00 bits/sec    0   4.57 MBytes       
[  5]  40.00-41.00  sec  0.00 Bytes  0.00 bits/sec    0   4.72 MBytes       
[  5]  41.00-42.00  sec  1.75 MBytes  14.7 Mbits/sec    0   4.87 MBytes       
[  5]  42.00-43.00  sec  0.00 Bytes  0.00 bits/sec    0   5.01 MBytes       
[  5]  43.00-44.00  sec  0.00 Bytes  0.00 bits/sec    0   5.14 MBytes       
[  5]  44.00-45.00  sec  0.00 Bytes  0.00 bits/sec    0   5.29 MBytes       
[  5]  45.00-46.00  sec  0.00 Bytes  0.00 bits/sec    0   5.44 MBytes       
[  5]  46.00-47.00  sec  0.00 Bytes  0.00 bits/sec    0   5.58 MBytes       
[  5]  47.00-48.00  sec  1.75 MBytes  14.7 Mbits/sec    0   5.71 MBytes       
[  5]  48.00-49.00  sec  0.00 Bytes  0.00 bits/sec    0   5.71 MBytes       
[  5]  49.00-50.00  sec  0.00 Bytes  0.00 bits/sec    0   5.71 MBytes       
[  5]  50.00-51.00  sec  0.00 Bytes  0.00 bits/sec    0   5.71 MBytes       
[  5]  51.00-52.00  sec  0.00 Bytes  0.00 bits/sec    0   5.71 MBytes       
[  5]  52.00-53.00  sec  0.00 Bytes  0.00 bits/sec    0   5.71 MBytes       
[  5]  53.00-54.00  sec  0.00 Bytes  0.00 bits/sec    0   5.71 MBytes       
[  5]  54.00-55.00  sec  1.88 MBytes  15.7 Mbits/sec    0   5.71 MBytes       
[  5]  55.00-56.00  sec  0.00 Bytes  0.00 bits/sec    0   5.71 MBytes       
[  5]  56.00-57.00  sec  0.00 Bytes  0.00 bits/sec    0   5.71 MBytes       
[  5]  57.00-58.00  sec  0.00 Bytes  0.00 bits/sec    0   5.71 MBytes       
[  5]  58.00-59.00  sec  0.00 Bytes  0.00 bits/sec    0   5.71 MBytes       
[  5]  59.00-60.00  sec  0.00 Bytes  0.00 bits/sec    0   5.71 MBytes       
- - - - - - - - - - - - - - - - - - - - - - - - -
[ ID] Interval           Transfer     Bitrate         Retr
[  5]   0.00-60.00  sec  17.1 MBytes  2.39 Mbits/sec    0             sender
[  5]   0.00-68.57  sec  17.4 MBytes  2.13 Mbits/sec                  receiver

iperf Done.
