Connecting to host 192.168.70.135, port 5201
Reverse mode, remote host 192.168.70.135 is sending
[  5] local 10.0.0.2 port 44050 connected to 192.168.70.135 port 5201
[ ID] Interval           Transfer     Bitrate         Jitter    Lost/Total Datagrams
[  5]   0.00-1.00   sec   124 KBytes  1.02 Mbits/sec  2.862 ms  0/106 (0%)  
[  5]   1.00-2.00   sec   124 KBytes  1.02 Mbits/sec  1.993 ms  0/106 (0%)  
[  5]   2.00-3.00   sec   123 KBytes  1.01 Mbits/sec  1.611 ms  0/105 (0%)  
[  5]   3.00-4.00   sec   125 KBytes  1.03 Mbits/sec  2.297 ms  0/107 (0%)  
[  5]   4.00-5.00   sec   121 KBytes   989 Kbits/sec  1.558 ms  0/103 (0%)  
[  5]   5.00-6.00   sec   122 KBytes   999 Kbits/sec  1.838 ms  0/104 (0%)  
[  5]   6.00-7.00   sec   122 KBytes   998 Kbits/sec  2.314 ms  0/104 (0%)  
[  5]   7.00-8.00   sec   123 KBytes  1.01 Mbits/sec  1.495 ms  0/105 (0%)  
[  5]   8.00-9.00   sec   123 KBytes  1.01 Mbits/sec  1.884 ms  0/105 (0%)  
[  5]   9.00-10.00  sec   120 KBytes   979 Kbits/sec  2.053 ms  0/102 (0%)  
[  5]  10.00-11.00  sec   122 KBytes   998 Kbits/sec  2.924 ms  0/104 (0%)  
[  5]  11.00-12.00  sec   124 KBytes  1.02 Mbits/sec  1.648 ms  0/106 (0%)  
[  5]  12.00-13.00  sec   123 KBytes  1.01 Mbits/sec  1.873 ms  0/105 (0%)  
[  5]  13.00-14.00  sec   122 KBytes   998 Kbits/sec  1.404 ms  0/104 (0%)  
[  5]  14.00-15.00  sec   122 KBytes   998 Kbits/sec  1.325 ms  0/104 (0%)  
[  5]  15.00-16.00  sec   123 KBytes  1.01 Mbits/sec  1.850 ms  0/105 (0%)  
[  5]  16.00-17.00  sec   120 KBytes   978 Kbits/sec  1.792 ms  0/102 (0%)  
[  5]  17.00-18.00  sec   122 KBytes   998 Kbits/sec  1.844 ms  0/104 (0%)  
[  5]  18.00-19.00  sec   123 KBytes  1.01 Mbits/sec  1.777 ms  0/105 (0%)  
[  5]  19.00-20.00  sec   121 KBytes   989 Kbits/sec  2.092 ms  0/103 (0%)  
[  5]  20.00-21.00  sec   124 KBytes  1.02 Mbits/sec  2.617 ms  0/106 (0%)  
[  5]  21.00-22.00  sec   121 KBytes   989 Kbits/sec  1.846 ms  0/103 (0%)  
[  5]  22.00-23.00  sec   121 KBytes   988 Kbits/sec  2.037 ms  0/103 (0%)  
[  5]  23.00-24.00  sec   124 KBytes  1.02 Mbits/sec  1.764 ms  0/106 (0%)  
[  5]  24.00-25.00  sec   122 KBytes   999 Kbits/sec  1.450 ms  0/104 (0%)  
[  5]  25.00-26.00  sec   121 KBytes   989 Kbits/sec  1.723 ms  0/103 (0%)  
[  5]  26.00-27.00  sec   121 KBytes   989 Kbits/sec  1.745 ms  0/103 (0%)  
[  5]  27.00-28.00  sec   123 KBytes  1.01 Mbits/sec  3.057 ms  0/105 (0%)  
[  5]  28.00-29.00  sec   123 KBytes  1.01 Mbits/sec  1.777 ms  0/105 (0%)  
[  5]  29.00-30.00  sec   122 KBytes   998 Kbits/sec  2.175 ms  0/104 (0%)  
[  5]  30.00-31.00  sec   122 KBytes   999 Kbits/sec  1.922 ms  0/104 (0%)  
[  5]  31.00-32.00  sec   124 KBytes  1.02 Mbits/sec  1.768 ms  0/106 (0%)  
[  5]  32.00-33.00  sec   122 KBytes   998 Kbits/sec  1.387 ms  0/104 (0%)  
[  5]  33.00-34.00  sec   117 KBytes   960 Kbits/sec  1.635 ms  0/100 (0%)  
[  5]  34.00-35.00  sec   127 KBytes  1.04 Mbits/sec  1.895 ms  0/108 (0%)  
[  5]  35.00-36.00  sec   122 KBytes   998 Kbits/sec  1.523 ms  0/104 (0%)  
[  5]  36.00-37.00  sec   123 KBytes  1.01 Mbits/sec  1.201 ms  0/105 (0%)  
[  5]  37.00-38.00  sec   122 KBytes   998 Kbits/sec  1.516 ms  0/104 (0%)  
[  5]  38.00-39.00  sec   122 KBytes   999 Kbits/sec  1.475 ms  0/104 (0%)  
[  5]  39.00-40.00  sec   122 KBytes   998 Kbits/sec  2.444 ms  0/104 (0%)  
[  5]  40.00-41.00  sec   122 KBytes   998 Kbits/sec  1.809 ms  0/104 (0%)  
[  5]  41.00-42.00  sec   120 KBytes   979 Kbits/sec  1.734 ms  0/102 (0%)  
[  5]  42.00-43.00  sec   123 KBytes  1.01 Mbits/sec  1.807 ms  0/105 (0%)  
[  5]  43.00-44.00  sec   124 KBytes  1.02 Mbits/sec  1.795 ms  0/106 (0%)  
[  5]  44.00-45.00  sec   122 KBytes   998 Kbits/sec  2.068 ms  0/104 (0%)  
[  5]  45.00-46.00  sec   123 KBytes  1.01 Mbits/sec  1.374 ms  0/105 (0%)  
[  5]  46.00-47.00  sec   111 KBytes   912 Kbits/sec  6.062 ms  0/95 (0%)  
[  5]  47.00-48.00  sec   131 KBytes  1.08 Mbits/sec  1.648 ms  0/112 (0%)  
[  5]  48.00-49.00  sec   123 KBytes  1.01 Mbits/sec  1.757 ms  0/105 (0%)  
[  5]  49.00-50.00  sec   123 KBytes  1.01 Mbits/sec  1.685 ms  0/105 (0%)  
[  5]  50.00-51.00  sec   121 KBytes   989 Kbits/sec  1.700 ms  0/103 (0%)  
[  5]  51.00-52.00  sec   121 KBytes   989 Kbits/sec  2.100 ms  0/103 (0%)  
[  5]  52.00-53.00  sec   105 KBytes   864 Kbits/sec  5.649 ms  0/90 (0%)  
[  5]  53.00-54.00  sec   136 KBytes  1.11 Mbits/sec  4.240 ms  0/116 (0%)  
[  5]  54.00-55.00  sec   122 KBytes   998 Kbits/sec  2.829 ms  0/104 (0%)  
[  5]  55.00-56.00  sec   120 KBytes   979 Kbits/sec  2.351 ms  0/102 (0%)  
[  5]  56.00-57.00  sec   125 KBytes  1.03 Mbits/sec  2.179 ms  0/107 (0%)  
[  5]  57.00-58.00  sec   125 KBytes  1.03 Mbits/sec  1.485 ms  0/107 (0%)  
[  5]  58.00-59.00  sec   122 KBytes   999 Kbits/sec  1.773 ms  0/104 (0%)  
[  5]  59.00-60.00  sec   120 KBytes   978 Kbits/sec  2.304 ms  0/102 (0%)  
- - - - - - - - - - - - - - - - - - - - - - - - -
[ ID] Interval           Transfer     Bitrate         Jitter    Lost/Total Datagrams
[  5]   0.00-60.48  sec  7.21 MBytes  1.00 Mbits/sec  0.000 ms  0/0 (0%)  sender
[  5]   0.00-60.00  sec  7.16 MBytes  1.00 Mbits/sec  2.304 ms  0/6255 (0%)  receiver

iperf Done.
