Connecting to host 192.168.70.135, port 5201
[  5] local 10.0.0.2 port 54681 connected to 192.168.70.135 port 5201
[ ID] Interval           Transfer     Bitrate         Total Datagrams
[  5]   0.00-1.00   sec   123 KBytes  1.01 Mbits/sec  105  
[  5]   1.00-2.00   sec   122 KBytes   999 Kbits/sec  104  
[  5]   2.00-3.00   sec   122 KBytes   998 Kbits/sec  104  
[  5]   3.00-4.00   sec   122 KBytes   998 Kbits/sec  104  
[  5]   4.00-5.00   sec   122 KBytes   998 Kbits/sec  104  
[  5]   5.00-6.00   sec   122 KBytes   998 Kbits/sec  104  
[  5]   6.00-7.00   sec   122 KBytes   998 Kbits/sec  104  
[  5]   7.00-8.00   sec   123 KBytes  1.01 Mbits/sec  105  
[  5]   8.00-9.00   sec   122 KBytes   998 Kbits/sec  104  
[  5]   9.00-10.00  sec   122 KBytes   998 Kbits/sec  104  
[  5]  10.00-11.00  sec   122 KBytes   998 Kbits/sec  104  
[  5]  11.00-12.00  sec   122 KBytes   999 Kbits/sec  104  
[  5]  12.00-13.00  sec   123 KBytes  1.01 Mbits/sec  105  
[  5]  13.00-14.00  sec   122 KBytes   998 Kbits/sec  104  
[  5]  14.00-15.00  sec   122 KBytes   998 Kbits/sec  104  
[  5]  15.00-16.00  sec   122 KBytes   998 Kbits/sec  104  
[  5]  16.00-17.00  sec   122 KBytes   998 Kbits/sec  104  
[  5]  17.00-18.00  sec   122 KBytes   998 Kbits/sec  104  
[  5]  18.00-19.00  sec   123 KBytes  1.01 Mbits/sec  105  
[  5]  19.00-20.00  sec   122 KBytes   998 Kbits/sec  104  
[  5]  20.00-21.00  sec   122 KBytes   998 Kbits/sec  104  
[  5]  21.00-22.00  sec   122 KBytes   998 Kbits/sec  104  
[  5]  22.00-23.00  sec   122 KBytes   998 Kbits/sec  104  
[  5]  23.00-24.00  sec   122 KBytes   998 Kbits/sec  104  
[  5]  24.00-25.00  sec   123 KBytes  1.01 Mbits/sec  105  
[  5]  25.00-26.00  sec   122 KBytes   998 Kbits/sec  104  
[  5]  26.00-27.00  sec   122 KBytes   998 Kbits/sec  104  
[  5]  27.00-28.00  sec   122 KBytes   998 Kbits/sec  104  
[  5]  28.00-29.00  sec   122 KBytes   998 Kbits/sec  104  
[  5]  29.00-30.00  sec   122 KBytes   999 Kbits/sec  104  
[  5]  30.00-31.00  sec   123 KBytes  1.01 Mbits/sec  105  
[  5]  31.00-32.00  sec   122 KBytes   998 Kbits/sec  104  
[  5]  32.00-33.00  sec   122 KBytes   998 Kbits/sec  104  
[  5]  33.00-34.00  sec   122 KBytes   998 Kbits/sec  104  
[  5]  34.00-35.00  sec   122 KBytes   998 Kbits/sec  104  
[  5]  35.00-36.00  sec   122 KBytes   998 Kbits/sec  104  
[  5]  36.00-37.00  sec   122 KBytes   998 Kbits/sec  104  
[  5]  37.00-38.00  sec   123 KBytes  1.01 Mbits/sec  105  
[  5]  38.00-39.00  sec   122 KBytes   998 Kbits/sec  104  
[  5]  39.00-40.00  sec   122 KBytes   999 Kbits/sec  104  
[  5]  40.00-41.00  sec   122 KBytes   998 Kbits/sec  104  
[  5]  41.00-42.00  sec   122 KBytes   998 Kbits/sec  104  
[  5]  42.00-43.00  sec   123 KBytes  1.01 Mbits/sec  105  
[  5]  43.00-44.00  sec   122 KBytes   997 Kbits/sec  104  
[  5]  44.00-45.00  sec   122 KBytes   999 Kbits/sec  104  
[  5]  45.00-46.00  sec   122 KBytes   998 Kbits/sec  104  
[  5]  46.00-47.00  sec   122 KBytes   999 Kbits/sec  104  
[  5]  47.00-48.00  sec   122 KBytes   998 Kbits/sec  104  
[  5]  48.00-49.00  sec   123 KBytes  1.01 Mbits/sec  105  
[  5]  49.00-50.00  sec   122 KBytes   999 Kbits/sec  104  
[  5]  50.00-51.00  sec   122 KBytes   998 Kbits/sec  104  
[  5]  51.00-52.00  sec   122 KBytes   998 Kbits/sec  104  
[  5]  52.00-53.00  sec   122 KBytes   998 Kbits/sec  104  
[  5]  53.00-54.00  sec   122 KBytes   998 Kbits/sec  104  
[  5]  54.00-55.00  sec   123 KBytes  1.01 Mbits/sec  105  
[  5]  55.00-56.00  sec   122 KBytes   999 Kbits/sec  104  
[  5]  56.00-57.00  sec   122 KBytes   998 Kbits/sec  104  
[  5]  57.00-58.00  sec   122 KBytes   998 Kbits/sec  104  
[  5]  58.00-59.00  sec   122 KBytes   998 Kbits/sec  104  
[  5]  59.00-60.00  sec   122 KBytes   998 Kbits/sec  104  
- - - - - - - - - - - - - - - - - - - - - - - - -
[ ID] Interval           Transfer     Bitrate         Jitter    Lost/Total Datagrams
[  5]   0.00-60.00  sec  7.15 MBytes  1000 Kbits/sec  0.000 ms  0/6250 (0%)  sender
[  5]   0.00-60.51  sec  7.15 MBytes   991 Kbits/sec  2.227 ms  0/6250 (0%)  receiver

iperf Done.
